[2026-07-01 13:49:21] production.ERROR: Class "Laravel\Sanctum\Sanctum" not found {"exception":"[object] (Error(code: 0): Class \"Laravel\\Sanctum\\Sanctum\" not found at /home/devel/src/audiobook-librarian-lite/config/sanctum.php:21)
[stacktrace]
#0 /home/devel/src/audiobook-librarian-lite/vendor/laravel/framework/src/Illuminate/Foundation/Bootstrap/LoadConfiguration.php(115): require()
#1 /home/devel/src/audiobook-librarian-lite/vendor/laravel/framework/src/Illuminate/Foundation/Bootstrap/LoadConfiguration.php(115): Illuminate\\Foundation\\Bootstrap\\LoadConfiguration->Illuminate\\Foundation\\Bootstrap\\{closure}()
#2 /home/devel/src/audiobook-librarian-lite/vendor/laravel/framework/src/Illuminate/Foundation/Bootstrap/LoadConfiguration.php(96): Illuminate\\Foundation\\Bootstrap\\LoadConfiguration->loadConfigurationFile()
#3 /home/devel/src/audiobook-librarian-lite/vendor/laravel/framework/src/Illuminate/Foundation/Bootstrap/LoadConfiguration.php(55): Illuminate\\Foundation\\Bootstrap\\LoadConfiguration->loadConfigurationFiles()
#4 /home/devel/src/audiobook-librarian-lite/vendor/laravel/framework/src/Illuminate/Foundation/Application.php(342): Illuminate\\Foundation\\Bootstrap\\LoadConfiguration->bootstrap()
#5 /home/devel/src/audiobook-librarian-lite/vendor/laravel/framework/src/Illuminate/Foundation/Console/Kernel.php(494): Illuminate\\Foundation\\Application->bootstrapWith()
#6 /home/devel/src/audiobook-librarian-lite/vendor/laravel/framework/src/Illuminate/Foundation/Console/Kernel.php(196): Illuminate\\Foundation\\Console\\Kernel->bootstrap()
#7 /home/devel/src/audiobook-librarian-lite/vendor/laravel/framework/src/Illuminate/Foundation/Application.php(1235): Illuminate\\Foundation\\Console\\Kernel->handle()
#8 /home/devel/src/audiobook-librarian-lite/artisan(16): Illuminate\\Foundation\\Application->handleCommand()
#9 {main}
"} 
[2026-07-01 13:49:51] local.ERROR: Target class [App\Models\Publisher] does not exist. {"exception":"[object] (Illuminate\\Contracts\\Container\\BindingResolutionException(code: 0): Target class [App\\Models\\Publisher] does not exist. at /home/devel/src/audiobook-librarian-lite/vendor/laravel/framework/src/Illuminate/Container/Container.php:1127)
[stacktrace]
#0 /home/devel/src/audiobook-librarian-lite/vendor/laravel/framework/src/Illuminate/Container/Container.php(936): Illuminate\\Container\\Container->build()
#1 /home/devel/src/audiobook-librarian-lite/vendor/laravel/framework/src/Illuminate/Foundation/Application.php(1078): Illuminate\\Container\\Container->resolve()
#2 /home/devel/src/audiobook-librarian-lite/vendor/laravel/framework/src/Illuminate/Container/Container.php(864): Illuminate\\Foundation\\Application->resolve()
#3 /home/devel/src/audiobook-librarian-lite/vendor/laravel/framework/src/Illuminate/Foundation/Application.php(1058): Illuminate\\Container\\Container->make()
#4 /home/devel/src/audiobook-librarian-lite/vendor/laravel/framework/src/Illuminate/Container/Container.php(1339): Illuminate\\Foundation\\Application->make()
#5 /home/devel/src/audiobook-librarian-lite/vendor/laravel/framework/src/Illuminate/Container/Container.php(1240): Illuminate\\Container\\Container->resolveClass()
#6 /home/devel/src/audiobook-librarian-lite/vendor/laravel/framework/src/Illuminate/Container/Container.php(1165): Illuminate\\Container\\Container->resolveDependencies()
#7 /home/devel/src/audiobook-librarian-lite/vendor/laravel/framework/src/Illuminate/Container/Container.php(936): Illuminate\\Container\\Container->build()
#8 /home/devel/src/audiobook-librarian-lite/vendor/laravel/framework/src/Illuminate/Foundation/Application.php(1078): Illuminate\\Container\\Container->resolve()
#9 /home/devel/src/audiobook-librarian-lite/vendor/laravel/framework/src/Illuminate/Container/Container.php(864): Illuminate\\Foundation\\Application->resolve()
#10 /home/devel/src/audiobook-librarian-lite/vendor/laravel/framework/src/Illuminate/Foundation/Application.php(1058): Illuminate\\Container\\Container->make()
#11 /home/devel/src/audiobook-librarian-lite/vendor/laravel/framework/src/Illuminate/Console/Application.php(275): Illuminate\\Foundation\\Application->make()
#12 /home/devel/src/audiobook-librarian-lite/vendor/laravel/framework/src/Illuminate/Foundation/Console/Kernel.php(386): Illuminate\\Console\\Application->resolve()
#13 /home/devel/src/audiobook-librarian-lite/vendor/laravel/framework/src/Illuminate/Console/Application.php(133): Illuminate\\Foundation\\Console\\Kernel->Illuminate\\Foundation\\Console\\{closure}()
#14 /home/devel/src/audiobook-librarian-lite/vendor/laravel/framework/src/Illuminate/Console/Application.php(80): Illuminate\\Console\\Application->bootstrap()
#15 /home/devel/src/audiobook-librarian-lite/vendor/laravel/framework/src/Illuminate/Foundation/Console/Kernel.php(560): Illuminate\\Console\\Application->__construct()
#16 /home/devel/src/audiobook-librarian-lite/vendor/laravel/framework/src/Illuminate/Foundation/Console/Kernel.php(198): Illuminate\\Foundation\\Console\\Kernel->getArtisan()
#17 /home/devel/src/audiobook-librarian-lite/vendor/laravel/framework/src/Illuminate/Foundation/Application.php(1235): Illuminate\\Foundation\\Console\\Kernel->handle()
#18 /home/devel/src/audiobook-librarian-lite/artisan(16): Illuminate\\Foundation\\Application->handleCommand()
#19 {main}

[previous exception] [object] (ReflectionException(code: -1): Class \"App\\Models\\Publisher\" does not exist at /home/devel/src/audiobook-librarian-lite/vendor/laravel/framework/src/Illuminate/Container/Container.php:1125)
[stacktrace]
#0 /home/devel/src/audiobook-librarian-lite/vendor/laravel/framework/src/Illuminate/Container/Container.php(1125): ReflectionClass->__construct()
#1 /home/devel/src/audiobook-librarian-lite/vendor/laravel/framework/src/Illuminate/Container/Container.php(936): Illuminate\\Container\\Container->build()
#2 /home/devel/src/audiobook-librarian-lite/vendor/laravel/framework/src/Illuminate/Foundation/Application.php(1078): Illuminate\\Container\\Container->resolve()
#3 /home/devel/src/audiobook-librarian-lite/vendor/laravel/framework/src/Illuminate/Container/Container.php(864): Illuminate\\Foundation\\Application->resolve()
#4 /home/devel/src/audiobook-librarian-lite/vendor/laravel/framework/src/Illuminate/Foundation/Application.php(1058): Illuminate\\Container\\Container->make()
#5 /home/devel/src/audiobook-librarian-lite/vendor/laravel/framework/src/Illuminate/Container/Container.php(1339): Illuminate\\Foundation\\Application->make()
#6 /home/devel/src/audiobook-librarian-lite/vendor/laravel/framework/src/Illuminate/Container/Container.php(1240): Illuminate\\Container\\Container->resolveClass()
#7 /home/devel/src/audiobook-librarian-lite/vendor/laravel/framework/src/Illuminate/Container/Container.php(1165): Illuminate\\Container\\Container->resolveDependencies()
#8 /home/devel/src/audiobook-librarian-lite/vendor/laravel/framework/src/Illuminate/Container/Container.php(936): Illuminate\\Container\\Container->build()
#9 /home/devel/src/audiobook-librarian-lite/vendor/laravel/framework/src/Illuminate/Foundation/Application.php(1078): Illuminate\\Container\\Container->resolve()
#10 /home/devel/src/audiobook-librarian-lite/vendor/laravel/framework/src/Illuminate/Container/Container.php(864): Illuminate\\Foundation\\Application->resolve()
#11 /home/devel/src/audiobook-librarian-lite/vendor/laravel/framework/src/Illuminate/Foundation/Application.php(1058): Illuminate\\Container\\Container->make()
#12 /home/devel/src/audiobook-librarian-lite/vendor/laravel/framework/src/Illuminate/Console/Application.php(275): Illuminate\\Foundation\\Application->make()
#13 /home/devel/src/audiobook-librarian-lite/vendor/laravel/framework/src/Illuminate/Foundation/Console/Kernel.php(386): Illuminate\\Console\\Application->resolve()
#14 /home/devel/src/audiobook-librarian-lite/vendor/laravel/framework/src/Illuminate/Console/Application.php(133): Illuminate\\Foundation\\Console\\Kernel->Illuminate\\Foundation\\Console\\{closure}()
#15 /home/devel/src/audiobook-librarian-lite/vendor/laravel/framework/src/Illuminate/Console/Application.php(80): Illuminate\\Console\\Application->bootstrap()
#16 /home/devel/src/audiobook-librarian-lite/vendor/laravel/framework/src/Illuminate/Foundation/Console/Kernel.php(560): Illuminate\\Console\\Application->__construct()
#17 /home/devel/src/audiobook-librarian-lite/vendor/laravel/framework/src/Illuminate/Foundation/Console/Kernel.php(198): Illuminate\\Foundation\\Console\\Kernel->getArtisan()
#18 /home/devel/src/audiobook-librarian-lite/vendor/laravel/framework/src/Illuminate/Foundation/Application.php(1235): Illuminate\\Foundation\\Console\\Kernel->handle()
#19 /home/devel/src/audiobook-librarian-lite/artisan(16): Illuminate\\Foundation\\Application->handleCommand()
#20 {main}
"} 
[2026-07-01 13:50:09] local.ERROR: Target class [App\Models\Publisher] does not exist. {"exception":"[object] (Illuminate\\Contracts\\Container\\BindingResolutionException(code: 0): Target class [App\\Models\\Publisher] does not exist. at /home/devel/src/audiobook-librarian-lite/vendor/laravel/framework/src/Illuminate/Container/Container.php:1127)
[stacktrace]
#0 /home/devel/src/audiobook-librarian-lite/vendor/laravel/framework/src/Illuminate/Container/Container.php(936): Illuminate\\Container\\Container->build()
#1 /home/devel/src/audiobook-librarian-lite/vendor/laravel/framework/src/Illuminate/Foundation/Application.php(1078): Illuminate\\Container\\Container->resolve()
#2 /home/devel/src/audiobook-librarian-lite/vendor/laravel/framework/src/Illuminate/Container/Container.php(864): Illuminate\\Foundation\\Application->resolve()
#3 /home/devel/src/audiobook-librarian-lite/vendor/laravel/framework/src/Illuminate/Foundation/Application.php(1058): Illuminate\\Container\\Container->make()
#4 /home/devel/src/audiobook-librarian-lite/vendor/laravel/framework/src/Illuminate/Container/Container.php(1339): Illuminate\\Foundation\\Application->make()
#5 /home/devel/src/audiobook-librarian-lite/vendor/laravel/framework/src/Illuminate/Container/Container.php(1240): Illuminate\\Container\\Container->resolveClass()
#6 /home/devel/src/audiobook-librarian-lite/vendor/laravel/framework/src/Illuminate/Container/Container.php(1165): Illuminate\\Container\\Container->resolveDependencies()
#7 /home/devel/src/audiobook-librarian-lite/vendor/laravel/framework/src/Illuminate/Container/Container.php(936): Illuminate\\Container\\Container->build()
#8 /home/devel/src/audiobook-librarian-lite/vendor/laravel/framework/src/Illuminate/Foundation/Application.php(1078): Illuminate\\Container\\Container->resolve()
#9 /home/devel/src/audiobook-librarian-lite/vendor/laravel/framework/src/Illuminate/Container/Container.php(864): Illuminate\\Foundation\\Application->resolve()
#10 /home/devel/src/audiobook-librarian-lite/vendor/laravel/framework/src/Illuminate/Foundation/Application.php(1058): Illuminate\\Container\\Container->make()
#11 /home/devel/src/audiobook-librarian-lite/vendor/laravel/framework/src/Illuminate/Console/Application.php(275): Illuminate\\Foundation\\Application->make()
#12 /home/devel/src/audiobook-librarian-lite/vendor/laravel/framework/src/Illuminate/Foundation/Console/Kernel.php(386): Illuminate\\Console\\Application->resolve()
#13 /home/devel/src/audiobook-librarian-lite/vendor/laravel/framework/src/Illuminate/Console/Application.php(133): Illuminate\\Foundation\\Console\\Kernel->Illuminate\\Foundation\\Console\\{closure}()
#14 /home/devel/src/audiobook-librarian-lite/vendor/laravel/framework/src/Illuminate/Console/Application.php(80): Illuminate\\Console\\Application->bootstrap()
#15 /home/devel/src/audiobook-librarian-lite/vendor/laravel/framework/src/Illuminate/Foundation/Console/Kernel.php(560): Illuminate\\Console\\Application->__construct()
#16 /home/devel/src/audiobook-librarian-lite/vendor/laravel/framework/src/Illuminate/Foundation/Console/Kernel.php(198): Illuminate\\Foundation\\Console\\Kernel->getArtisan()
#17 /home/devel/src/audiobook-librarian-lite/vendor/laravel/framework/src/Illuminate/Foundation/Application.php(1235): Illuminate\\Foundation\\Console\\Kernel->handle()
#18 /home/devel/src/audiobook-librarian-lite/artisan(16): Illuminate\\Foundation\\Application->handleCommand()
#19 {main}

[previous exception] [object] (ReflectionException(code: -1): Class \"App\\Models\\Publisher\" does not exist at /home/devel/src/audiobook-librarian-lite/vendor/laravel/framework/src/Illuminate/Container/Container.php:1125)
[stacktrace]
#0 /home/devel/src/audiobook-librarian-lite/vendor/laravel/framework/src/Illuminate/Container/Container.php(1125): ReflectionClass->__construct()
#1 /home/devel/src/audiobook-librarian-lite/vendor/laravel/framework/src/Illuminate/Container/Container.php(936): Illuminate\\Container\\Container->build()
#2 /home/devel/src/audiobook-librarian-lite/vendor/laravel/framework/src/Illuminate/Foundation/Application.php(1078): Illuminate\\Container\\Container->resolve()
#3 /home/devel/src/audiobook-librarian-lite/vendor/laravel/framework/src/Illuminate/Container/Container.php(864): Illuminate\\Foundation\\Application->resolve()
#4 /home/devel/src/audiobook-librarian-lite/vendor/laravel/framework/src/Illuminate/Foundation/Application.php(1058): Illuminate\\Container\\Container->make()
#5 /home/devel/src/audiobook-librarian-lite/vendor/laravel/framework/src/Illuminate/Container/Container.php(1339): Illuminate\\Foundation\\Application->make()
#6 /home/devel/src/audiobook-librarian-lite/vendor/laravel/framework/src/Illuminate/Container/Container.php(1240): Illuminate\\Container\\Container->resolveClass()
#7 /home/devel/src/audiobook-librarian-lite/vendor/laravel/framework/src/Illuminate/Container/Container.php(1165): Illuminate\\Container\\Container->resolveDependencies()
#8 /home/devel/src/audiobook-librarian-lite/vendor/laravel/framework/src/Illuminate/Container/Container.php(936): Illuminate\\Container\\Container->build()
#9 /home/devel/src/audiobook-librarian-lite/vendor/laravel/framework/src/Illuminate/Foundation/Application.php(1078): Illuminate\\Container\\Container->resolve()
#10 /home/devel/src/audiobook-librarian-lite/vendor/laravel/framework/src/Illuminate/Container/Container.php(864): Illuminate\\Foundation\\Application->resolve()
#11 /home/devel/src/audiobook-librarian-lite/vendor/laravel/framework/src/Illuminate/Foundation/Application.php(1058): Illuminate\\Container\\Container->make()
#12 /home/devel/src/audiobook-librarian-lite/vendor/laravel/framework/src/Illuminate/Console/Application.php(275): Illuminate\\Foundation\\Application->make()
#13 /home/devel/src/audiobook-librarian-lite/vendor/laravel/framework/src/Illuminate/Foundation/Console/Kernel.php(386): Illuminate\\Console\\Application->resolve()
#14 /home/devel/src/audiobook-librarian-lite/vendor/laravel/framework/src/Illuminate/Console/Application.php(133): Illuminate\\Foundation\\Console\\Kernel->Illuminate\\Foundation\\Console\\{closure}()
#15 /home/devel/src/audiobook-librarian-lite/vendor/laravel/framework/src/Illuminate/Console/Application.php(80): Illuminate\\Console\\Application->bootstrap()
#16 /home/devel/src/audiobook-librarian-lite/vendor/laravel/framework/src/Illuminate/Foundation/Console/Kernel.php(560): Illuminate\\Console\\Application->__construct()
#17 /home/devel/src/audiobook-librarian-lite/vendor/laravel/framework/src/Illuminate/Foundation/Console/Kernel.php(198): Illuminate\\Foundation\\Console\\Kernel->getArtisan()
#18 /home/devel/src/audiobook-librarian-lite/vendor/laravel/framework/src/Illuminate/Foundation/Application.php(1235): Illuminate\\Foundation\\Console\\Kernel->handle()
#19 /home/devel/src/audiobook-librarian-lite/artisan(16): Illuminate\\Foundation\\Application->handleCommand()
#20 {main}
"} 
[2026-07-01 13:50:13] local.ERROR: Target class [App\Models\Publisher] does not exist. {"exception":"[object] (Illuminate\\Contracts\\Container\\BindingResolutionException(code: 0): Target class [App\\Models\\Publisher] does not exist. at /home/devel/src/audiobook-librarian-lite/vendor/laravel/framework/src/Illuminate/Container/Container.php:1127)
[stacktrace]
#0 /home/devel/src/audiobook-librarian-lite/vendor/laravel/framework/src/Illuminate/Container/Container.php(936): Illuminate\\Container\\Container->build()
#1 /home/devel/src/audiobook-librarian-lite/vendor/laravel/framework/src/Illuminate/Foundation/Application.php(1078): Illuminate\\Container\\Container->resolve()
#2 /home/devel/src/audiobook-librarian-lite/vendor/laravel/framework/src/Illuminate/Container/Container.php(864): Illuminate\\Foundation\\Application->resolve()
#3 /home/devel/src/audiobook-librarian-lite/vendor/laravel/framework/src/Illuminate/Foundation/Application.php(1058): Illuminate\\Container\\Container->make()
#4 /home/devel/src/audiobook-librarian-lite/vendor/laravel/framework/src/Illuminate/Container/Container.php(1339): Illuminate\\Foundation\\Application->make()
#5 /home/devel/src/audiobook-librarian-lite/vendor/laravel/framework/src/Illuminate/Container/Container.php(1240): Illuminate\\Container\\Container->resolveClass()
#6 /home/devel/src/audiobook-librarian-lite/vendor/laravel/framework/src/Illuminate/Container/Container.php(1165): Illuminate\\Container\\Container->resolveDependencies()
#7 /home/devel/src/audiobook-librarian-lite/vendor/laravel/framework/src/Illuminate/Container/Container.php(936): Illuminate\\Container\\Container->build()
#8 /home/devel/src/audiobook-librarian-lite/vendor/laravel/framework/src/Illuminate/Foundation/Application.php(1078): Illuminate\\Container\\Container->resolve()
#9 /home/devel/src/audiobook-librarian-lite/vendor/laravel/framework/src/Illuminate/Container/Container.php(864): Illuminate\\Foundation\\Application->resolve()
#10 /home/devel/src/audiobook-librarian-lite/vendor/laravel/framework/src/Illuminate/Foundation/Application.php(1058): Illuminate\\Container\\Container->make()
#11 /home/devel/src/audiobook-librarian-lite/vendor/laravel/framework/src/Illuminate/Console/Application.php(275): Illuminate\\Foundation\\Application->make()
#12 /home/devel/src/audiobook-librarian-lite/vendor/laravel/framework/src/Illuminate/Foundation/Console/Kernel.php(386): Illuminate\\Console\\Application->resolve()
#13 /home/devel/src/audiobook-librarian-lite/vendor/laravel/framework/src/Illuminate/Console/Application.php(133): Illuminate\\Foundation\\Console\\Kernel->Illuminate\\Foundation\\Console\\{closure}()
#14 /home/devel/src/audiobook-librarian-lite/vendor/laravel/framework/src/Illuminate/Console/Application.php(80): Illuminate\\Console\\Application->bootstrap()
#15 /home/devel/src/audiobook-librarian-lite/vendor/laravel/framework/src/Illuminate/Foundation/Console/Kernel.php(560): Illuminate\\Console\\Application->__construct()
#16 /home/devel/src/audiobook-librarian-lite/vendor/laravel/framework/src/Illuminate/Foundation/Console/Kernel.php(198): Illuminate\\Foundation\\Console\\Kernel->getArtisan()
#17 /home/devel/src/audiobook-librarian-lite/vendor/laravel/framework/src/Illuminate/Foundation/Application.php(1235): Illuminate\\Foundation\\Console\\Kernel->handle()
#18 /home/devel/src/audiobook-librarian-lite/artisan(16): Illuminate\\Foundation\\Application->handleCommand()
#19 {main}

[previous exception] [object] (ReflectionException(code: -1): Class \"App\\Models\\Publisher\" does not exist at /home/devel/src/audiobook-librarian-lite/vendor/laravel/framework/src/Illuminate/Container/Container.php:1125)
[stacktrace]
#0 /home/devel/src/audiobook-librarian-lite/vendor/laravel/framework/src/Illuminate/Container/Container.php(1125): ReflectionClass->__construct()
#1 /home/devel/src/audiobook-librarian-lite/vendor/laravel/framework/src/Illuminate/Container/Container.php(936): Illuminate\\Container\\Container->build()
#2 /home/devel/src/audiobook-librarian-lite/vendor/laravel/framework/src/Illuminate/Foundation/Application.php(1078): Illuminate\\Container\\Container->resolve()
#3 /home/devel/src/audiobook-librarian-lite/vendor/laravel/framework/src/Illuminate/Container/Container.php(864): Illuminate\\Foundation\\Application->resolve()
#4 /home/devel/src/audiobook-librarian-lite/vendor/laravel/framework/src/Illuminate/Foundation/Application.php(1058): Illuminate\\Container\\Container->make()
#5 /home/devel/src/audiobook-librarian-lite/vendor/laravel/framework/src/Illuminate/Container/Container.php(1339): Illuminate\\Foundation\\Application->make()
#6 /home/devel/src/audiobook-librarian-lite/vendor/laravel/framework/src/Illuminate/Container/Container.php(1240): Illuminate\\Container\\Container->resolveClass()
#7 /home/devel/src/audiobook-librarian-lite/vendor/laravel/framework/src/Illuminate/Container/Container.php(1165): Illuminate\\Container\\Container->resolveDependencies()
#8 /home/devel/src/audiobook-librarian-lite/vendor/laravel/framework/src/Illuminate/Container/Container.php(936): Illuminate\\Container\\Container->build()
#9 /home/devel/src/audiobook-librarian-lite/vendor/laravel/framework/src/Illuminate/Foundation/Application.php(1078): Illuminate\\Container\\Container->resolve()
#10 /home/devel/src/audiobook-librarian-lite/vendor/laravel/framework/src/Illuminate/Container/Container.php(864): Illuminate\\Foundation\\Application->resolve()
#11 /home/devel/src/audiobook-librarian-lite/vendor/laravel/framework/src/Illuminate/Foundation/Application.php(1058): Illuminate\\Container\\Container->make()
#12 /home/devel/src/audiobook-librarian-lite/vendor/laravel/framework/src/Illuminate/Console/Application.php(275): Illuminate\\Foundation\\Application->make()
#13 /home/devel/src/audiobook-librarian-lite/vendor/laravel/framework/src/Illuminate/Foundation/Console/Kernel.php(386): Illuminate\\Console\\Application->resolve()
#14 /home/devel/src/audiobook-librarian-lite/vendor/laravel/framework/src/Illuminate/Console/Application.php(133): Illuminate\\Foundation\\Console\\Kernel->Illuminate\\Foundation\\Console\\{closure}()
#15 /home/devel/src/audiobook-librarian-lite/vendor/laravel/framework/src/Illuminate/Console/Application.php(80): Illuminate\\Console\\Application->bootstrap()
#16 /home/devel/src/audiobook-librarian-lite/vendor/laravel/framework/src/Illuminate/Foundation/Console/Kernel.php(560): Illuminate\\Console\\Application->__construct()
#17 /home/devel/src/audiobook-librarian-lite/vendor/laravel/framework/src/Illuminate/Foundation/Console/Kernel.php(198): Illuminate\\Foundation\\Console\\Kernel->getArtisan()
#18 /home/devel/src/audiobook-librarian-lite/vendor/laravel/framework/src/Illuminate/Foundation/Application.php(1235): Illuminate\\Foundation\\Console\\Kernel->handle()
#19 /home/devel/src/audiobook-librarian-lite/artisan(16): Illuminate\\Foundation\\Application->handleCommand()
#20 {main}
"} 
[2026-07-01 13:50:17] local.ERROR: Target class [App\Models\Publisher] does not exist. {"exception":"[object] (Illuminate\\Contracts\\Container\\BindingResolutionException(code: 0): Target class [App\\Models\\Publisher] does not exist. at /home/devel/src/audiobook-librarian-lite/vendor/laravel/framework/src/Illuminate/Container/Container.php:1127)
[stacktrace]
#0 /home/devel/src/audiobook-librarian-lite/vendor/laravel/framework/src/Illuminate/Container/Container.php(936): Illuminate\\Container\\Container->build()
#1 /home/devel/src/audiobook-librarian-lite/vendor/laravel/framework/src/Illuminate/Foundation/Application.php(1078): Illuminate\\Container\\Container->resolve()
#2 /home/devel/src/audiobook-librarian-lite/vendor/laravel/framework/src/Illuminate/Container/Container.php(864): Illuminate\\Foundation\\Application->resolve()
#3 /home/devel/src/audiobook-librarian-lite/vendor/laravel/framework/src/Illuminate/Foundation/Application.php(1058): Illuminate\\Container\\Container->make()
#4 /home/devel/src/audiobook-librarian-lite/vendor/laravel/framework/src/Illuminate/Container/Container.php(1339): Illuminate\\Foundation\\Application->make()
#5 /home/devel/src/audiobook-librarian-lite/vendor/laravel/framework/src/Illuminate/Container/Container.php(1240): Illuminate\\Container\\Container->resolveClass()
#6 /home/devel/src/audiobook-librarian-lite/vendor/laravel/framework/src/Illuminate/Container/Container.php(1165): Illuminate\\Container\\Container->resolveDependencies()
#7 /home/devel/src/audiobook-librarian-lite/vendor/laravel/framework/src/Illuminate/Container/Container.php(936): Illuminate\\Container\\Container->build()
#8 /home/devel/src/audiobook-librarian-lite/vendor/laravel/framework/src/Illuminate/Foundation/Application.php(1078): Illuminate\\Container\\Container->resolve()
#9 /home/devel/src/audiobook-librarian-lite/vendor/laravel/framework/src/Illuminate/Container/Container.php(864): Illuminate\\Foundation\\Application->resolve()
#10 /home/devel/src/audiobook-librarian-lite/vendor/laravel/framework/src/Illuminate/Foundation/Application.php(1058): Illuminate\\Container\\Container->make()
#11 /home/devel/src/audiobook-librarian-lite/vendor/laravel/framework/src/Illuminate/Console/Application.php(275): Illuminate\\Foundation\\Application->make()
#12 /home/devel/src/audiobook-librarian-lite/vendor/laravel/framework/src/Illuminate/Foundation/Console/Kernel.php(386): Illuminate\\Console\\Application->resolve()
#13 /home/devel/src/audiobook-librarian-lite/vendor/laravel/framework/src/Illuminate/Console/Application.php(133): Illuminate\\Foundation\\Console\\Kernel->Illuminate\\Foundation\\Console\\{closure}()
#14 /home/devel/src/audiobook-librarian-lite/vendor/laravel/framework/src/Illuminate/Console/Application.php(80): Illuminate\\Console\\Application->bootstrap()
#15 /home/devel/src/audiobook-librarian-lite/vendor/laravel/framework/src/Illuminate/Foundation/Console/Kernel.php(560): Illuminate\\Console\\Application->__construct()
#16 /home/devel/src/audiobook-librarian-lite/vendor/laravel/framework/src/Illuminate/Foundation/Console/Kernel.php(198): Illuminate\\Foundation\\Console\\Kernel->getArtisan()
#17 /home/devel/src/audiobook-librarian-lite/vendor/laravel/framework/src/Illuminate/Foundation/Application.php(1235): Illuminate\\Foundation\\Console\\Kernel->handle()
#18 /home/devel/src/audiobook-librarian-lite/artisan(16): Illuminate\\Foundation\\Application->handleCommand()
#19 {main}

[previous exception] [object] (ReflectionException(code: -1): Class \"App\\Models\\Publisher\" does not exist at /home/devel/src/audiobook-librarian-lite/vendor/laravel/framework/src/Illuminate/Container/Container.php:1125)
[stacktrace]
#0 /home/devel/src/audiobook-librarian-lite/vendor/laravel/framework/src/Illuminate/Container/Container.php(1125): ReflectionClass->__construct()
#1 /home/devel/src/audiobook-librarian-lite/vendor/laravel/framework/src/Illuminate/Container/Container.php(936): Illuminate\\Container\\Container->build()
#2 /home/devel/src/audiobook-librarian-lite/vendor/laravel/framework/src/Illuminate/Foundation/Application.php(1078): Illuminate\\Container\\Container->resolve()
#3 /home/devel/src/audiobook-librarian-lite/vendor/laravel/framework/src/Illuminate/Container/Container.php(864): Illuminate\\Foundation\\Application->resolve()
#4 /home/devel/src/audiobook-librarian-lite/vendor/laravel/framework/src/Illuminate/Foundation/Application.php(1058): Illuminate\\Container\\Container->make()
#5 /home/devel/src/audiobook-librarian-lite/vendor/laravel/framework/src/Illuminate/Container/Container.php(1339): Illuminate\\Foundation\\Application->make()
#6 /home/devel/src/audiobook-librarian-lite/vendor/laravel/framework/src/Illuminate/Container/Container.php(1240): Illuminate\\Container\\Container->resolveClass()
#7 /home/devel/src/audiobook-librarian-lite/vendor/laravel/framework/src/Illuminate/Container/Container.php(1165): Illuminate\\Container\\Container->resolveDependencies()
#8 /home/devel/src/audiobook-librarian-lite/vendor/laravel/framework/src/Illuminate/Container/Container.php(936): Illuminate\\Container\\Container->build()
#9 /home/devel/src/audiobook-librarian-lite/vendor/laravel/framework/src/Illuminate/Foundation/Application.php(1078): Illuminate\\Container\\Container->resolve()
#10 /home/devel/src/audiobook-librarian-lite/vendor/laravel/framework/src/Illuminate/Container/Container.php(864): Illuminate\\Foundation\\Application->resolve()
#11 /home/devel/src/audiobook-librarian-lite/vendor/laravel/framework/src/Illuminate/Foundation/Application.php(1058): Illuminate\\Container\\Container->make()
#12 /home/devel/src/audiobook-librarian-lite/vendor/laravel/framework/src/Illuminate/Console/Application.php(275): Illuminate\\Foundation\\Application->make()
#13 /home/devel/src/audiobook-librarian-lite/vendor/laravel/framework/src/Illuminate/Foundation/Console/Kernel.php(386): Illuminate\\Console\\Application->resolve()
#14 /home/devel/src/audiobook-librarian-lite/vendor/laravel/framework/src/Illuminate/Console/Application.php(133): Illuminate\\Foundation\\Console\\Kernel->Illuminate\\Foundation\\Console\\{closure}()
#15 /home/devel/src/audiobook-librarian-lite/vendor/laravel/framework/src/Illuminate/Console/Application.php(80): Illuminate\\Console\\Application->bootstrap()
#16 /home/devel/src/audiobook-librarian-lite/vendor/laravel/framework/src/Illuminate/Foundation/Console/Kernel.php(560): Illuminate\\Console\\Application->__construct()
#17 /home/devel/src/audiobook-librarian-lite/vendor/laravel/framework/src/Illuminate/Foundation/Console/Kernel.php(198): Illuminate\\Foundation\\Console\\Kernel->getArtisan()
#18 /home/devel/src/audiobook-librarian-lite/vendor/laravel/framework/src/Illuminate/Foundation/Application.php(1235): Illuminate\\Foundation\\Console\\Kernel->handle()
#19 /home/devel/src/audiobook-librarian-lite/artisan(16): Illuminate\\Foundation\\Application->handleCommand()
#20 {main}
"} 
[2026-07-01 13:50:39] local.ERROR: Target class [App\Models\Publisher] does not exist. {"exception":"[object] (Illuminate\\Contracts\\Container\\BindingResolutionException(code: 0): Target class [App\\Models\\Publisher] does not exist. at /home/devel/src/audiobook-librarian-lite/vendor/laravel/framework/src/Illuminate/Container/Container.php:1127)
[stacktrace]
#0 /home/devel/src/audiobook-librarian-lite/vendor/laravel/framework/src/Illuminate/Container/Container.php(936): Illuminate\\Container\\Container->build()
#1 /home/devel/src/audiobook-librarian-lite/vendor/laravel/framework/src/Illuminate/Foundation/Application.php(1078): Illuminate\\Container\\Container->resolve()
#2 /home/devel/src/audiobook-librarian-lite/vendor/laravel/framework/src/Illuminate/Container/Container.php(864): Illuminate\\Foundation\\Application->resolve()
#3 /home/devel/src/audiobook-librarian-lite/vendor/laravel/framework/src/Illuminate/Foundation/Application.php(1058): Illuminate\\Container\\Container->make()
#4 /home/devel/src/audiobook-librarian-lite/vendor/laravel/framework/src/Illuminate/Container/Container.php(1339): Illuminate\\Foundation\\Application->make()
#5 /home/devel/src/audiobook-librarian-lite/vendor/laravel/framework/src/Illuminate/Container/Container.php(1240): Illuminate\\Container\\Container->resolveClass()
#6 /home/devel/src/audiobook-librarian-lite/vendor/laravel/framework/src/Illuminate/Container/Container.php(1165): Illuminate\\Container\\Container->resolveDependencies()
#7 /home/devel/src/audiobook-librarian-lite/vendor/laravel/framework/src/Illuminate/Container/Container.php(936): Illuminate\\Container\\Container->build()
#8 /home/devel/src/audiobook-librarian-lite/vendor/laravel/framework/src/Illuminate/Foundation/Application.php(1078): Illuminate\\Container\\Container->resolve()
#9 /home/devel/src/audiobook-librarian-lite/vendor/laravel/framework/src/Illuminate/Container/Container.php(864): Illuminate\\Foundation\\Application->resolve()
#10 /home/devel/src/audiobook-librarian-lite/vendor/laravel/framework/src/Illuminate/Foundation/Application.php(1058): Illuminate\\Container\\Container->make()
#11 /home/devel/src/audiobook-librarian-lite/vendor/laravel/framework/src/Illuminate/Console/Application.php(275): Illuminate\\Foundation\\Application->make()
#12 /home/devel/src/audiobook-librarian-lite/vendor/laravel/framework/src/Illuminate/Foundation/Console/Kernel.php(386): Illuminate\\Console\\Application->resolve()
#13 /home/devel/src/audiobook-librarian-lite/vendor/laravel/framework/src/Illuminate/Console/Application.php(133): Illuminate\\Foundation\\Console\\Kernel->Illuminate\\Foundation\\Console\\{closure}()
#14 /home/devel/src/audiobook-librarian-lite/vendor/laravel/framework/src/Illuminate/Console/Application.php(80): Illuminate\\Console\\Application->bootstrap()
#15 /home/devel/src/audiobook-librarian-lite/vendor/laravel/framework/src/Illuminate/Foundation/Console/Kernel.php(560): Illuminate\\Console\\Application->__construct()
#16 /home/devel/src/audiobook-librarian-lite/vendor/laravel/framework/src/Illuminate/Foundation/Console/Kernel.php(198): Illuminate\\Foundation\\Console\\Kernel->getArtisan()
#17 /home/devel/src/audiobook-librarian-lite/vendor/laravel/framework/src/Illuminate/Foundation/Application.php(1235): Illuminate\\Foundation\\Console\\Kernel->handle()
#18 /home/devel/src/audiobook-librarian-lite/artisan(16): Illuminate\\Foundation\\Application->handleCommand()
#19 {main}

[previous exception] [object] (ReflectionException(code: -1): Class \"App\\Models\\Publisher\" does not exist at /home/devel/src/audiobook-librarian-lite/vendor/laravel/framework/src/Illuminate/Container/Container.php:1125)
[stacktrace]
#0 /home/devel/src/audiobook-librarian-lite/vendor/laravel/framework/src/Illuminate/Container/Container.php(1125): ReflectionClass->__construct()
#1 /home/devel/src/audiobook-librarian-lite/vendor/laravel/framework/src/Illuminate/Container/Container.php(936): Illuminate\\Container\\Container->build()
#2 /home/devel/src/audiobook-librarian-lite/vendor/laravel/framework/src/Illuminate/Foundation/Application.php(1078): Illuminate\\Container\\Container->resolve()
#3 /home/devel/src/audiobook-librarian-lite/vendor/laravel/framework/src/Illuminate/Container/Container.php(864): Illuminate\\Foundation\\Application->resolve()
#4 /home/devel/src/audiobook-librarian-lite/vendor/laravel/framework/src/Illuminate/Foundation/Application.php(1058): Illuminate\\Container\\Container->make()
#5 /home/devel/src/audiobook-librarian-lite/vendor/laravel/framework/src/Illuminate/Container/Container.php(1339): Illuminate\\Foundation\\Application->make()
#6 /home/devel/src/audiobook-librarian-lite/vendor/laravel/framework/src/Illuminate/Container/Container.php(1240): Illuminate\\Container\\Container->resolveClass()
#7 /home/devel/src/audiobook-librarian-lite/vendor/laravel/framework/src/Illuminate/Container/Container.php(1165): Illuminate\\Container\\Container->resolveDependencies()
#8 /home/devel/src/audiobook-librarian-lite/vendor/laravel/framework/src/Illuminate/Container/Container.php(936): Illuminate\\Container\\Container->build()
#9 /home/devel/src/audiobook-librarian-lite/vendor/laravel/framework/src/Illuminate/Foundation/Application.php(1078): Illuminate\\Container\\Container->resolve()
#10 /home/devel/src/audiobook-librarian-lite/vendor/laravel/framework/src/Illuminate/Container/Container.php(864): Illuminate\\Foundation\\Application->resolve()
#11 /home/devel/src/audiobook-librarian-lite/vendor/laravel/framework/src/Illuminate/Foundation/Application.php(1058): Illuminate\\Container\\Container->make()
#12 /home/devel/src/audiobook-librarian-lite/vendor/laravel/framework/src/Illuminate/Console/Application.php(275): Illuminate\\Foundation\\Application->make()
#13 /home/devel/src/audiobook-librarian-lite/vendor/laravel/framework/src/Illuminate/Foundation/Console/Kernel.php(386): Illuminate\\Console\\Application->resolve()
#14 /home/devel/src/audiobook-librarian-lite/vendor/laravel/framework/src/Illuminate/Console/Application.php(133): Illuminate\\Foundation\\Console\\Kernel->Illuminate\\Foundation\\Console\\{closure}()
#15 /home/devel/src/audiobook-librarian-lite/vendor/laravel/framework/src/Illuminate/Console/Application.php(80): Illuminate\\Console\\Application->bootstrap()
#16 /home/devel/src/audiobook-librarian-lite/vendor/laravel/framework/src/Illuminate/Foundation/Console/Kernel.php(560): Illuminate\\Console\\Application->__construct()
#17 /home/devel/src/audiobook-librarian-lite/vendor/laravel/framework/src/Illuminate/Foundation/Console/Kernel.php(198): Illuminate\\Foundation\\Console\\Kernel->getArtisan()
#18 /home/devel/src/audiobook-librarian-lite/vendor/laravel/framework/src/Illuminate/Foundation/Application.php(1235): Illuminate\\Foundation\\Console\\Kernel->handle()
#19 /home/devel/src/audiobook-librarian-lite/artisan(16): Illuminate\\Foundation\\Application->handleCommand()
#20 {main}
"} 
[2026-07-01 13:51:55] local.ERROR: Target class [App\Models\Publisher] does not exist. {"exception":"[object] (Illuminate\\Contracts\\Container\\BindingResolutionException(code: 0): Target class [App\\Models\\Publisher] does not exist. at /home/devel/src/audiobook-librarian-lite/vendor/laravel/framework/src/Illuminate/Container/Container.php:1127)
[stacktrace]
#0 /home/devel/src/audiobook-librarian-lite/vendor/laravel/framework/src/Illuminate/Container/Container.php(936): Illuminate\\Container\\Container->build()
#1 /home/devel/src/audiobook-librarian-lite/vendor/laravel/framework/src/Illuminate/Foundation/Application.php(1078): Illuminate\\Container\\Container->resolve()
#2 /home/devel/src/audiobook-librarian-lite/vendor/laravel/framework/src/Illuminate/Container/Container.php(864): Illuminate\\Foundation\\Application->resolve()
#3 /home/devel/src/audiobook-librarian-lite/vendor/laravel/framework/src/Illuminate/Foundation/Application.php(1058): Illuminate\\Container\\Container->make()
#4 /home/devel/src/audiobook-librarian-lite/vendor/laravel/framework/src/Illuminate/Container/Container.php(1339): Illuminate\\Foundation\\Application->make()
#5 /home/devel/src/audiobook-librarian-lite/vendor/laravel/framework/src/Illuminate/Container/Container.php(1240): Illuminate\\Container\\Container->resolveClass()
#6 /home/devel/src/audiobook-librarian-lite/vendor/laravel/framework/src/Illuminate/Container/Container.php(1165): Illuminate\\Container\\Container->resolveDependencies()
#7 /home/devel/src/audiobook-librarian-lite/vendor/laravel/framework/src/Illuminate/Container/Container.php(936): Illuminate\\Container\\Container->build()
#8 /home/devel/src/audiobook-librarian-lite/vendor/laravel/framework/src/Illuminate/Foundation/Application.php(1078): Illuminate\\Container\\Container->resolve()
#9 /home/devel/src/audiobook-librarian-lite/vendor/laravel/framework/src/Illuminate/Container/Container.php(864): Illuminate\\Foundation\\Application->resolve()
#10 /home/devel/src/audiobook-librarian-lite/vendor/laravel/framework/src/Illuminate/Foundation/Application.php(1058): Illuminate\\Container\\Container->make()
#11 /home/devel/src/audiobook-librarian-lite/vendor/laravel/framework/src/Illuminate/Console/Application.php(275): Illuminate\\Foundation\\Application->make()
#12 /home/devel/src/audiobook-librarian-lite/vendor/laravel/framework/src/Illuminate/Foundation/Console/Kernel.php(386): Illuminate\\Console\\Application->resolve()
#13 /home/devel/src/audiobook-librarian-lite/vendor/laravel/framework/src/Illuminate/Console/Application.php(133): Illuminate\\Foundation\\Console\\Kernel->Illuminate\\Foundation\\Console\\{closure}()
#14 /home/devel/src/audiobook-librarian-lite/vendor/laravel/framework/src/Illuminate/Console/Application.php(80): Illuminate\\Console\\Application->bootstrap()
#15 /home/devel/src/audiobook-librarian-lite/vendor/laravel/framework/src/Illuminate/Foundation/Console/Kernel.php(560): Illuminate\\Console\\Application->__construct()
#16 /home/devel/src/audiobook-librarian-lite/vendor/laravel/framework/src/Illuminate/Foundation/Console/Kernel.php(198): Illuminate\\Foundation\\Console\\Kernel->getArtisan()
#17 /home/devel/src/audiobook-librarian-lite/vendor/laravel/framework/src/Illuminate/Foundation/Application.php(1235): Illuminate\\Foundation\\Console\\Kernel->handle()
#18 /home/devel/src/audiobook-librarian-lite/artisan(16): Illuminate\\Foundation\\Application->handleCommand()
#19 {main}

[previous exception] [object] (ReflectionException(code: -1): Class \"App\\Models\\Publisher\" does not exist at /home/devel/src/audiobook-librarian-lite/vendor/laravel/framework/src/Illuminate/Container/Container.php:1125)
[stacktrace]
#0 /home/devel/src/audiobook-librarian-lite/vendor/laravel/framework/src/Illuminate/Container/Container.php(1125): ReflectionClass->__construct()
#1 /home/devel/src/audiobook-librarian-lite/vendor/laravel/framework/src/Illuminate/Container/Container.php(936): Illuminate\\Container\\Container->build()
#2 /home/devel/src/audiobook-librarian-lite/vendor/laravel/framework/src/Illuminate/Foundation/Application.php(1078): Illuminate\\Container\\Container->resolve()
#3 /home/devel/src/audiobook-librarian-lite/vendor/laravel/framework/src/Illuminate/Container/Container.php(864): Illuminate\\Foundation\\Application->resolve()
#4 /home/devel/src/audiobook-librarian-lite/vendor/laravel/framework/src/Illuminate/Foundation/Application.php(1058): Illuminate\\Container\\Container->make()
#5 /home/devel/src/audiobook-librarian-lite/vendor/laravel/framework/src/Illuminate/Container/Container.php(1339): Illuminate\\Foundation\\Application->make()
#6 /home/devel/src/audiobook-librarian-lite/vendor/laravel/framework/src/Illuminate/Container/Container.php(1240): Illuminate\\Container\\Container->resolveClass()
#7 /home/devel/src/audiobook-librarian-lite/vendor/laravel/framework/src/Illuminate/Container/Container.php(1165): Illuminate\\Container\\Container->resolveDependencies()
#8 /home/devel/src/audiobook-librarian-lite/vendor/laravel/framework/src/Illuminate/Container/Container.php(936): Illuminate\\Container\\Container->build()
#9 /home/devel/src/audiobook-librarian-lite/vendor/laravel/framework/src/Illuminate/Foundation/Application.php(1078): Illuminate\\Container\\Container->resolve()
#10 /home/devel/src/audiobook-librarian-lite/vendor/laravel/framework/src/Illuminate/Container/Container.php(864): Illuminate\\Foundation\\Application->resolve()
#11 /home/devel/src/audiobook-librarian-lite/vendor/laravel/framework/src/Illuminate/Foundation/Application.php(1058): Illuminate\\Container\\Container->make()
#12 /home/devel/src/audiobook-librarian-lite/vendor/laravel/framework/src/Illuminate/Console/Application.php(275): Illuminate\\Foundation\\Application->make()
#13 /home/devel/src/audiobook-librarian-lite/vendor/laravel/framework/src/Illuminate/Foundation/Console/Kernel.php(386): Illuminate\\Console\\Application->resolve()
#14 /home/devel/src/audiobook-librarian-lite/vendor/laravel/framework/src/Illuminate/Console/Application.php(133): Illuminate\\Foundation\\Console\\Kernel->Illuminate\\Foundation\\Console\\{closure}()
#15 /home/devel/src/audiobook-librarian-lite/vendor/laravel/framework/src/Illuminate/Console/Application.php(80): Illuminate\\Console\\Application->bootstrap()
#16 /home/devel/src/audiobook-librarian-lite/vendor/laravel/framework/src/Illuminate/Foundation/Console/Kernel.php(560): Illuminate\\Console\\Application->__construct()
#17 /home/devel/src/audiobook-librarian-lite/vendor/laravel/framework/src/Illuminate/Foundation/Console/Kernel.php(198): Illuminate\\Foundation\\Console\\Kernel->getArtisan()
#18 /home/devel/src/audiobook-librarian-lite/vendor/laravel/framework/src/Illuminate/Foundation/Application.php(1235): Illuminate\\Foundation\\Console\\Kernel->handle()
#19 /home/devel/src/audiobook-librarian-lite/artisan(16): Illuminate\\Foundation\\Application->handleCommand()
#20 {main}
"} 
[2026-07-01 14:38:46] local.ERROR: Target class [App\Models\Publisher] does not exist. {"exception":"[object] (Illuminate\\Contracts\\Container\\BindingResolutionException(code: 0): Target class [App\\Models\\Publisher] does not exist. at /home/devel/src/audiobook-librarian-lite/vendor/laravel/framework/src/Illuminate/Container/Container.php:1127)
[stacktrace]
#0 /home/devel/src/audiobook-librarian-lite/vendor/laravel/framework/src/Illuminate/Container/Container.php(936): Illuminate\\Container\\Container->build()
#1 /home/devel/src/audiobook-librarian-lite/vendor/laravel/framework/src/Illuminate/Foundation/Application.php(1078): Illuminate\\Container\\Container->resolve()
#2 /home/devel/src/audiobook-librarian-lite/vendor/laravel/framework/src/Illuminate/Container/Container.php(864): Illuminate\\Foundation\\Application->resolve()
#3 /home/devel/src/audiobook-librarian-lite/vendor/laravel/framework/src/Illuminate/Foundation/Application.php(1058): Illuminate\\Container\\Container->make()
#4 /home/devel/src/audiobook-librarian-lite/vendor/laravel/framework/src/Illuminate/Container/Container.php(1339): Illuminate\\Foundation\\Application->make()
#5 /home/devel/src/audiobook-librarian-lite/vendor/laravel/framework/src/Illuminate/Container/Container.php(1240): Illuminate\\Container\\Container->resolveClass()
#6 /home/devel/src/audiobook-librarian-lite/vendor/laravel/framework/src/Illuminate/Container/Container.php(1165): Illuminate\\Container\\Container->resolveDependencies()
#7 /home/devel/src/audiobook-librarian-lite/vendor/laravel/framework/src/Illuminate/Container/Container.php(936): Illuminate\\Container\\Container->build()
#8 /home/devel/src/audiobook-librarian-lite/vendor/laravel/framework/src/Illuminate/Foundation/Application.php(1078): Illuminate\\Container\\Container->resolve()
#9 /home/devel/src/audiobook-librarian-lite/vendor/laravel/framework/src/Illuminate/Container/Container.php(864): Illuminate\\Foundation\\Application->resolve()
#10 /home/devel/src/audiobook-librarian-lite/vendor/laravel/framework/src/Illuminate/Foundation/Application.php(1058): Illuminate\\Container\\Container->make()
#11 /home/devel/src/audiobook-librarian-lite/vendor/laravel/framework/src/Illuminate/Console/Application.php(275): Illuminate\\Foundation\\Application->make()
#12 /home/devel/src/audiobook-librarian-lite/vendor/laravel/framework/src/Illuminate/Foundation/Console/Kernel.php(386): Illuminate\\Console\\Application->resolve()
#13 /home/devel/src/audiobook-librarian-lite/vendor/laravel/framework/src/Illuminate/Console/Application.php(133): Illuminate\\Foundation\\Console\\Kernel->Illuminate\\Foundation\\Console\\{closure}()
#14 /home/devel/src/audiobook-librarian-lite/vendor/laravel/framework/src/Illuminate/Console/Application.php(80): Illuminate\\Console\\Application->bootstrap()
#15 /home/devel/src/audiobook-librarian-lite/vendor/laravel/framework/src/Illuminate/Foundation/Console/Kernel.php(560): Illuminate\\Console\\Application->__construct()
#16 /home/devel/src/audiobook-librarian-lite/vendor/laravel/framework/src/Illuminate/Foundation/Console/Kernel.php(198): Illuminate\\Foundation\\Console\\Kernel->getArtisan()
#17 Command line code(5): Illuminate\\Foundation\\Console\\Kernel->handle()
#18 {main}

[previous exception] [object] (ReflectionException(code: -1): Class \"App\\Models\\Publisher\" does not exist at /home/devel/src/audiobook-librarian-lite/vendor/laravel/framework/src/Illuminate/Container/Container.php:1125)
[stacktrace]
#0 /home/devel/src/audiobook-librarian-lite/vendor/laravel/framework/src/Illuminate/Container/Container.php(1125): ReflectionClass->__construct()
#1 /home/devel/src/audiobook-librarian-lite/vendor/laravel/framework/src/Illuminate/Container/Container.php(936): Illuminate\\Container\\Container->build()
#2 /home/devel/src/audiobook-librarian-lite/vendor/laravel/framework/src/Illuminate/Foundation/Application.php(1078): Illuminate\\Container\\Container->resolve()
#3 /home/devel/src/audiobook-librarian-lite/vendor/laravel/framework/src/Illuminate/Container/Container.php(864): Illuminate\\Foundation\\Application->resolve()
#4 /home/devel/src/audiobook-librarian-lite/vendor/laravel/framework/src/Illuminate/Foundation/Application.php(1058): Illuminate\\Container\\Container->make()
#5 /home/devel/src/audiobook-librarian-lite/vendor/laravel/framework/src/Illuminate/Container/Container.php(1339): Illuminate\\Foundation\\Application->make()
#6 /home/devel/src/audiobook-librarian-lite/vendor/laravel/framework/src/Illuminate/Container/Container.php(1240): Illuminate\\Container\\Container->resolveClass()
#7 /home/devel/src/audiobook-librarian-lite/vendor/laravel/framework/src/Illuminate/Container/Container.php(1165): Illuminate\\Container\\Container->resolveDependencies()
#8 /home/devel/src/audiobook-librarian-lite/vendor/laravel/framework/src/Illuminate/Container/Container.php(936): Illuminate\\Container\\Container->build()
#9 /home/devel/src/audiobook-librarian-lite/vendor/laravel/framework/src/Illuminate/Foundation/Application.php(1078): Illuminate\\Container\\Container->resolve()
#10 /home/devel/src/audiobook-librarian-lite/vendor/laravel/framework/src/Illuminate/Container/Container.php(864): Illuminate\\Foundation\\Application->resolve()
#11 /home/devel/src/audiobook-librarian-lite/vendor/laravel/framework/src/Illuminate/Foundation/Application.php(1058): Illuminate\\Container\\Container->make()
#12 /home/devel/src/audiobook-librarian-lite/vendor/laravel/framework/src/Illuminate/Console/Application.php(275): Illuminate\\Foundation\\Application->make()
#13 /home/devel/src/audiobook-librarian-lite/vendor/laravel/framework/src/Illuminate/Foundation/Console/Kernel.php(386): Illuminate\\Console\\Application->resolve()
#14 /home/devel/src/audiobook-librarian-lite/vendor/laravel/framework/src/Illuminate/Console/Application.php(133): Illuminate\\Foundation\\Console\\Kernel->Illuminate\\Foundation\\Console\\{closure}()
#15 /home/devel/src/audiobook-librarian-lite/vendor/laravel/framework/src/Illuminate/Console/Application.php(80): Illuminate\\Console\\Application->bootstrap()
#16 /home/devel/src/audiobook-librarian-lite/vendor/laravel/framework/src/Illuminate/Foundation/Console/Kernel.php(560): Illuminate\\Console\\Application->__construct()
#17 /home/devel/src/audiobook-librarian-lite/vendor/laravel/framework/src/Illuminate/Foundation/Console/Kernel.php(198): Illuminate\\Foundation\\Console\\Kernel->getArtisan()
#18 Command line code(5): Illuminate\\Foundation\\Console\\Kernel->handle()
#19 {main}
"} 
[2026-07-01 14:39:14] local.ERROR: Target class [App\Models\Publisher] does not exist. {"exception":"[object] (Illuminate\\Contracts\\Container\\BindingResolutionException(code: 0): Target class [App\\Models\\Publisher] does not exist. at /home/devel/src/audiobook-librarian-lite/vendor/laravel/framework/src/Illuminate/Container/Container.php:1127)
[stacktrace]
#0 /home/devel/src/audiobook-librarian-lite/vendor/laravel/framework/src/Illuminate/Container/Container.php(936): Illuminate\\Container\\Container->build()
#1 /home/devel/src/audiobook-librarian-lite/vendor/laravel/framework/src/Illuminate/Foundation/Application.php(1078): Illuminate\\Container\\Container->resolve()
#2 /home/devel/src/audiobook-librarian-lite/vendor/laravel/framework/src/Illuminate/Container/Container.php(864): Illuminate\\Foundation\\Application->resolve()
#3 /home/devel/src/audiobook-librarian-lite/vendor/laravel/framework/src/Illuminate/Foundation/Application.php(1058): Illuminate\\Container\\Container->make()
#4 /home/devel/src/audiobook-librarian-lite/vendor/laravel/framework/src/Illuminate/Container/Container.php(1339): Illuminate\\Foundation\\Application->make()
#5 /home/devel/src/audiobook-librarian-lite/vendor/laravel/framework/src/Illuminate/Container/Container.php(1240): Illuminate\\Container\\Container->resolveClass()
#6 /home/devel/src/audiobook-librarian-lite/vendor/laravel/framework/src/Illuminate/Container/Container.php(1165): Illuminate\\Container\\Container->resolveDependencies()
#7 /home/devel/src/audiobook-librarian-lite/vendor/laravel/framework/src/Illuminate/Container/Container.php(936): Illuminate\\Container\\Container->build()
#8 /home/devel/src/audiobook-librarian-lite/vendor/laravel/framework/src/Illuminate/Foundation/Application.php(1078): Illuminate\\Container\\Container->resolve()
#9 /home/devel/src/audiobook-librarian-lite/vendor/laravel/framework/src/Illuminate/Container/Container.php(864): Illuminate\\Foundation\\Application->resolve()
#10 /home/devel/src/audiobook-librarian-lite/vendor/laravel/framework/src/Illuminate/Foundation/Application.php(1058): Illuminate\\Container\\Container->make()
#11 /home/devel/src/audiobook-librarian-lite/vendor/laravel/framework/src/Illuminate/Console/Application.php(275): Illuminate\\Foundation\\Application->make()
#12 /home/devel/src/audiobook-librarian-lite/vendor/laravel/framework/src/Illuminate/Foundation/Console/Kernel.php(386): Illuminate\\Console\\Application->resolve()
#13 /home/devel/src/audiobook-librarian-lite/vendor/laravel/framework/src/Illuminate/Console/Application.php(133): Illuminate\\Foundation\\Console\\Kernel->Illuminate\\Foundation\\Console\\{closure}()
#14 /home/devel/src/audiobook-librarian-lite/vendor/laravel/framework/src/Illuminate/Console/Application.php(80): Illuminate\\Console\\Application->bootstrap()
#15 /home/devel/src/audiobook-librarian-lite/vendor/laravel/framework/src/Illuminate/Foundation/Console/Kernel.php(560): Illuminate\\Console\\Application->__construct()
#16 /home/devel/src/audiobook-librarian-lite/vendor/laravel/framework/src/Illuminate/Foundation/Console/Kernel.php(198): Illuminate\\Foundation\\Console\\Kernel->getArtisan()
#17 Command line code(5): Illuminate\\Foundation\\Console\\Kernel->handle()
#18 {main}

[previous exception] [object] (ReflectionException(code: -1): Class \"App\\Models\\Publisher\" does not exist at /home/devel/src/audiobook-librarian-lite/vendor/laravel/framework/src/Illuminate/Container/Container.php:1125)
[stacktrace]
#0 /home/devel/src/audiobook-librarian-lite/vendor/laravel/framework/src/Illuminate/Container/Container.php(1125): ReflectionClass->__construct()
#1 /home/devel/src/audiobook-librarian-lite/vendor/laravel/framework/src/Illuminate/Container/Container.php(936): Illuminate\\Container\\Container->build()
#2 /home/devel/src/audiobook-librarian-lite/vendor/laravel/framework/src/Illuminate/Foundation/Application.php(1078): Illuminate\\Container\\Container->resolve()
#3 /home/devel/src/audiobook-librarian-lite/vendor/laravel/framework/src/Illuminate/Container/Container.php(864): Illuminate\\Foundation\\Application->resolve()
#4 /home/devel/src/audiobook-librarian-lite/vendor/laravel/framework/src/Illuminate/Foundation/Application.php(1058): Illuminate\\Container\\Container->make()
#5 /home/devel/src/audiobook-librarian-lite/vendor/laravel/framework/src/Illuminate/Container/Container.php(1339): Illuminate\\Foundation\\Application->make()
#6 /home/devel/src/audiobook-librarian-lite/vendor/laravel/framework/src/Illuminate/Container/Container.php(1240): Illuminate\\Container\\Container->resolveClass()
#7 /home/devel/src/audiobook-librarian-lite/vendor/laravel/framework/src/Illuminate/Container/Container.php(1165): Illuminate\\Container\\Container->resolveDependencies()
#8 /home/devel/src/audiobook-librarian-lite/vendor/laravel/framework/src/Illuminate/Container/Container.php(936): Illuminate\\Container\\Container->build()
#9 /home/devel/src/audiobook-librarian-lite/vendor/laravel/framework/src/Illuminate/Foundation/Application.php(1078): Illuminate\\Container\\Container->resolve()
#10 /home/devel/src/audiobook-librarian-lite/vendor/laravel/framework/src/Illuminate/Container/Container.php(864): Illuminate\\Foundation\\Application->resolve()
#11 /home/devel/src/audiobook-librarian-lite/vendor/laravel/framework/src/Illuminate/Foundation/Application.php(1058): Illuminate\\Container\\Container->make()
#12 /home/devel/src/audiobook-librarian-lite/vendor/laravel/framework/src/Illuminate/Console/Application.php(275): Illuminate\\Foundation\\Application->make()
#13 /home/devel/src/audiobook-librarian-lite/vendor/laravel/framework/src/Illuminate/Foundation/Console/Kernel.php(386): Illuminate\\Console\\Application->resolve()
#14 /home/devel/src/audiobook-librarian-lite/vendor/laravel/framework/src/Illuminate/Console/Application.php(133): Illuminate\\Foundation\\Console\\Kernel->Illuminate\\Foundation\\Console\\{closure}()
#15 /home/devel/src/audiobook-librarian-lite/vendor/laravel/framework/src/Illuminate/Console/Application.php(80): Illuminate\\Console\\Application->bootstrap()
#16 /home/devel/src/audiobook-librarian-lite/vendor/laravel/framework/src/Illuminate/Foundation/Console/Kernel.php(560): Illuminate\\Console\\Application->__construct()
#17 /home/devel/src/audiobook-librarian-lite/vendor/laravel/framework/src/Illuminate/Foundation/Console/Kernel.php(198): Illuminate\\Foundation\\Console\\Kernel->getArtisan()
#18 Command line code(5): Illuminate\\Foundation\\Console\\Kernel->handle()
#19 {main}
"} 
[2026-07-01 14:44:04] local.ERROR: Target class [App\Models\Publisher] does not exist. {"exception":"[object] (Illuminate\\Contracts\\Container\\BindingResolutionException(code: 0): Target class [App\\Models\\Publisher] does not exist. at /home/devel/src/audiobook-librarian-lite/vendor/laravel/framework/src/Illuminate/Container/Container.php:1127)
[stacktrace]
#0 /home/devel/src/audiobook-librarian-lite/vendor/laravel/framework/src/Illuminate/Container/Container.php(936): Illuminate\\Container\\Container->build()
#1 /home/devel/src/audiobook-librarian-lite/vendor/laravel/framework/src/Illuminate/Foundation/Application.php(1078): Illuminate\\Container\\Container->resolve()
#2 /home/devel/src/audiobook-librarian-lite/vendor/laravel/framework/src/Illuminate/Container/Container.php(864): Illuminate\\Foundation\\Application->resolve()
#3 /home/devel/src/audiobook-librarian-lite/vendor/laravel/framework/src/Illuminate/Foundation/Application.php(1058): Illuminate\\Container\\Container->make()
#4 /home/devel/src/audiobook-librarian-lite/vendor/laravel/framework/src/Illuminate/Container/Container.php(1339): Illuminate\\Foundation\\Application->make()
#5 /home/devel/src/audiobook-librarian-lite/vendor/laravel/framework/src/Illuminate/Container/Container.php(1240): Illuminate\\Container\\Container->resolveClass()
#6 /home/devel/src/audiobook-librarian-lite/vendor/laravel/framework/src/Illuminate/Container/Container.php(1165): Illuminate\\Container\\Container->resolveDependencies()
#7 /home/devel/src/audiobook-librarian-lite/vendor/laravel/framework/src/Illuminate/Container/Container.php(936): Illuminate\\Container\\Container->build()
#8 /home/devel/src/audiobook-librarian-lite/vendor/laravel/framework/src/Illuminate/Foundation/Application.php(1078): Illuminate\\Container\\Container->resolve()
#9 /home/devel/src/audiobook-librarian-lite/vendor/laravel/framework/src/Illuminate/Container/Container.php(864): Illuminate\\Foundation\\Application->resolve()
#10 /home/devel/src/audiobook-librarian-lite/vendor/laravel/framework/src/Illuminate/Foundation/Application.php(1058): Illuminate\\Container\\Container->make()
#11 /home/devel/src/audiobook-librarian-lite/vendor/laravel/framework/src/Illuminate/Console/Application.php(275): Illuminate\\Foundation\\Application->make()
#12 /home/devel/src/audiobook-librarian-lite/vendor/laravel/framework/src/Illuminate/Foundation/Console/Kernel.php(386): Illuminate\\Console\\Application->resolve()
#13 /home/devel/src/audiobook-librarian-lite/vendor/laravel/framework/src/Illuminate/Console/Application.php(133): Illuminate\\Foundation\\Console\\Kernel->Illuminate\\Foundation\\Console\\{closure}()
#14 /home/devel/src/audiobook-librarian-lite/vendor/laravel/framework/src/Illuminate/Console/Application.php(80): Illuminate\\Console\\Application->bootstrap()
#15 /home/devel/src/audiobook-librarian-lite/vendor/laravel/framework/src/Illuminate/Foundation/Console/Kernel.php(560): Illuminate\\Console\\Application->__construct()
#16 /home/devel/src/audiobook-librarian-lite/vendor/laravel/framework/src/Illuminate/Foundation/Console/Kernel.php(198): Illuminate\\Foundation\\Console\\Kernel->getArtisan()
#17 /home/devel/src/audiobook-librarian-lite/vendor/laravel/framework/src/Illuminate/Foundation/Application.php(1235): Illuminate\\Foundation\\Console\\Kernel->handle()
#18 /home/devel/src/audiobook-librarian-lite/artisan(16): Illuminate\\Foundation\\Application->handleCommand()
#19 {main}

[previous exception] [object] (ReflectionException(code: -1): Class \"App\\Models\\Publisher\" does not exist at /home/devel/src/audiobook-librarian-lite/vendor/laravel/framework/src/Illuminate/Container/Container.php:1125)
[stacktrace]
#0 /home/devel/src/audiobook-librarian-lite/vendor/laravel/framework/src/Illuminate/Container/Container.php(1125): ReflectionClass->__construct()
#1 /home/devel/src/audiobook-librarian-lite/vendor/laravel/framework/src/Illuminate/Container/Container.php(936): Illuminate\\Container\\Container->build()
#2 /home/devel/src/audiobook-librarian-lite/vendor/laravel/framework/src/Illuminate/Foundation/Application.php(1078): Illuminate\\Container\\Container->resolve()
#3 /home/devel/src/audiobook-librarian-lite/vendor/laravel/framework/src/Illuminate/Container/Container.php(864): Illuminate\\Foundation\\Application->resolve()
#4 /home/devel/src/audiobook-librarian-lite/vendor/laravel/framework/src/Illuminate/Foundation/Application.php(1058): Illuminate\\Container\\Container->make()
#5 /home/devel/src/audiobook-librarian-lite/vendor/laravel/framework/src/Illuminate/Container/Container.php(1339): Illuminate\\Foundation\\Application->make()
#6 /home/devel/src/audiobook-librarian-lite/vendor/laravel/framework/src/Illuminate/Container/Container.php(1240): Illuminate\\Container\\Container->resolveClass()
#7 /home/devel/src/audiobook-librarian-lite/vendor/laravel/framework/src/Illuminate/Container/Container.php(1165): Illuminate\\Container\\Container->resolveDependencies()
#8 /home/devel/src/audiobook-librarian-lite/vendor/laravel/framework/src/Illuminate/Container/Container.php(936): Illuminate\\Container\\Container->build()
#9 /home/devel/src/audiobook-librarian-lite/vendor/laravel/framework/src/Illuminate/Foundation/Application.php(1078): Illuminate\\Container\\Container->resolve()
#10 /home/devel/src/audiobook-librarian-lite/vendor/laravel/framework/src/Illuminate/Container/Container.php(864): Illuminate\\Foundation\\Application->resolve()
#11 /home/devel/src/audiobook-librarian-lite/vendor/laravel/framework/src/Illuminate/Foundation/Application.php(1058): Illuminate\\Container\\Container->make()
#12 /home/devel/src/audiobook-librarian-lite/vendor/laravel/framework/src/Illuminate/Console/Application.php(275): Illuminate\\Foundation\\Application->make()
#13 /home/devel/src/audiobook-librarian-lite/vendor/laravel/framework/src/Illuminate/Foundation/Console/Kernel.php(386): Illuminate\\Console\\Application->resolve()
#14 /home/devel/src/audiobook-librarian-lite/vendor/laravel/framework/src/Illuminate/Console/Application.php(133): Illuminate\\Foundation\\Console\\Kernel->Illuminate\\Foundation\\Console\\{closure}()
#15 /home/devel/src/audiobook-librarian-lite/vendor/laravel/framework/src/Illuminate/Console/Application.php(80): Illuminate\\Console\\Application->bootstrap()
#16 /home/devel/src/audiobook-librarian-lite/vendor/laravel/framework/src/Illuminate/Foundation/Console/Kernel.php(560): Illuminate\\Console\\Application->__construct()
#17 /home/devel/src/audiobook-librarian-lite/vendor/laravel/framework/src/Illuminate/Foundation/Console/Kernel.php(198): Illuminate\\Foundation\\Console\\Kernel->getArtisan()
#18 /home/devel/src/audiobook-librarian-lite/vendor/laravel/framework/src/Illuminate/Foundation/Application.php(1235): Illuminate\\Foundation\\Console\\Kernel->handle()
#19 /home/devel/src/audiobook-librarian-lite/artisan(16): Illuminate\\Foundation\\Application->handleCommand()
#20 {main}
"} 
[2026-07-01 14:44:20] local.ERROR: Target class [App\Models\Publisher] does not exist. {"exception":"[object] (Illuminate\\Contracts\\Container\\BindingResolutionException(code: 0): Target class [App\\Models\\Publisher] does not exist. at /home/devel/src/audiobook-librarian-lite/vendor/laravel/framework/src/Illuminate/Container/Container.php:1127)
[stacktrace]
#0 /home/devel/src/audiobook-librarian-lite/vendor/laravel/framework/src/Illuminate/Container/Container.php(936): Illuminate\\Container\\Container->build()
#1 /home/devel/src/audiobook-librarian-lite/vendor/laravel/framework/src/Illuminate/Foundation/Application.php(1078): Illuminate\\Container\\Container->resolve()
#2 /home/devel/src/audiobook-librarian-lite/vendor/laravel/framework/src/Illuminate/Container/Container.php(864): Illuminate\\Foundation\\Application->resolve()
#3 /home/devel/src/audiobook-librarian-lite/vendor/laravel/framework/src/Illuminate/Foundation/Application.php(1058): Illuminate\\Container\\Container->make()
#4 /home/devel/src/audiobook-librarian-lite/vendor/laravel/framework/src/Illuminate/Container/Container.php(1339): Illuminate\\Foundation\\Application->make()
#5 /home/devel/src/audiobook-librarian-lite/vendor/laravel/framework/src/Illuminate/Container/Container.php(1240): Illuminate\\Container\\Container->resolveClass()
#6 /home/devel/src/audiobook-librarian-lite/vendor/laravel/framework/src/Illuminate/Container/Container.php(1165): Illuminate\\Container\\Container->resolveDependencies()
#7 /home/devel/src/audiobook-librarian-lite/vendor/laravel/framework/src/Illuminate/Container/Container.php(936): Illuminate\\Container\\Container->build()
#8 /home/devel/src/audiobook-librarian-lite/vendor/laravel/framework/src/Illuminate/Foundation/Application.php(1078): Illuminate\\Container\\Container->resolve()
#9 /home/devel/src/audiobook-librarian-lite/vendor/laravel/framework/src/Illuminate/Container/Container.php(864): Illuminate\\Foundation\\Application->resolve()
#10 /home/devel/src/audiobook-librarian-lite/vendor/laravel/framework/src/Illuminate/Foundation/Application.php(1058): Illuminate\\Container\\Container->make()
#11 /home/devel/src/audiobook-librarian-lite/vendor/laravel/framework/src/Illuminate/Console/Application.php(275): Illuminate\\Foundation\\Application->make()
#12 /home/devel/src/audiobook-librarian-lite/vendor/laravel/framework/src/Illuminate/Foundation/Console/Kernel.php(386): Illuminate\\Console\\Application->resolve()
#13 /home/devel/src/audiobook-librarian-lite/vendor/laravel/framework/src/Illuminate/Console/Application.php(133): Illuminate\\Foundation\\Console\\Kernel->Illuminate\\Foundation\\Console\\{closure}()
#14 /home/devel/src/audiobook-librarian-lite/vendor/laravel/framework/src/Illuminate/Console/Application.php(80): Illuminate\\Console\\Application->bootstrap()
#15 /home/devel/src/audiobook-librarian-lite/vendor/laravel/framework/src/Illuminate/Foundation/Console/Kernel.php(560): Illuminate\\Console\\Application->__construct()
#16 /home/devel/src/audiobook-librarian-lite/vendor/laravel/framework/src/Illuminate/Foundation/Console/Kernel.php(198): Illuminate\\Foundation\\Console\\Kernel->getArtisan()
#17 /home/devel/src/audiobook-librarian-lite/vendor/laravel/framework/src/Illuminate/Foundation/Application.php(1235): Illuminate\\Foundation\\Console\\Kernel->handle()
#18 /home/devel/src/audiobook-librarian-lite/artisan(16): Illuminate\\Foundation\\Application->handleCommand()
#19 {main}

[previous exception] [object] (ReflectionException(code: -1): Class \"App\\Models\\Publisher\" does not exist at /home/devel/src/audiobook-librarian-lite/vendor/laravel/framework/src/Illuminate/Container/Container.php:1125)
[stacktrace]
#0 /home/devel/src/audiobook-librarian-lite/vendor/laravel/framework/src/Illuminate/Container/Container.php(1125): ReflectionClass->__construct()
#1 /home/devel/src/audiobook-librarian-lite/vendor/laravel/framework/src/Illuminate/Container/Container.php(936): Illuminate\\Container\\Container->build()
#2 /home/devel/src/audiobook-librarian-lite/vendor/laravel/framework/src/Illuminate/Foundation/Application.php(1078): Illuminate\\Container\\Container->resolve()
#3 /home/devel/src/audiobook-librarian-lite/vendor/laravel/framework/src/Illuminate/Container/Container.php(864): Illuminate\\Foundation\\Application->resolve()
#4 /home/devel/src/audiobook-librarian-lite/vendor/laravel/framework/src/Illuminate/Foundation/Application.php(1058): Illuminate\\Container\\Container->make()
#5 /home/devel/src/audiobook-librarian-lite/vendor/laravel/framework/src/Illuminate/Container/Container.php(1339): Illuminate\\Foundation\\Application->make()
#6 /home/devel/src/audiobook-librarian-lite/vendor/laravel/framework/src/Illuminate/Container/Container.php(1240): Illuminate\\Container\\Container->resolveClass()
#7 /home/devel/src/audiobook-librarian-lite/vendor/laravel/framework/src/Illuminate/Container/Container.php(1165): Illuminate\\Container\\Container->resolveDependencies()
#8 /home/devel/src/audiobook-librarian-lite/vendor/laravel/framework/src/Illuminate/Container/Container.php(936): Illuminate\\Container\\Container->build()
#9 /home/devel/src/audiobook-librarian-lite/vendor/laravel/framework/src/Illuminate/Foundation/Application.php(1078): Illuminate\\Container\\Container->resolve()
#10 /home/devel/src/audiobook-librarian-lite/vendor/laravel/framework/src/Illuminate/Container/Container.php(864): Illuminate\\Foundation\\Application->resolve()
#11 /home/devel/src/audiobook-librarian-lite/vendor/laravel/framework/src/Illuminate/Foundation/Application.php(1058): Illuminate\\Container\\Container->make()
#12 /home/devel/src/audiobook-librarian-lite/vendor/laravel/framework/src/Illuminate/Console/Application.php(275): Illuminate\\Foundation\\Application->make()
#13 /home/devel/src/audiobook-librarian-lite/vendor/laravel/framework/src/Illuminate/Foundation/Console/Kernel.php(386): Illuminate\\Console\\Application->resolve()
#14 /home/devel/src/audiobook-librarian-lite/vendor/laravel/framework/src/Illuminate/Console/Application.php(133): Illuminate\\Foundation\\Console\\Kernel->Illuminate\\Foundation\\Console\\{closure}()
#15 /home/devel/src/audiobook-librarian-lite/vendor/laravel/framework/src/Illuminate/Console/Application.php(80): Illuminate\\Console\\Application->bootstrap()
#16 /home/devel/src/audiobook-librarian-lite/vendor/laravel/framework/src/Illuminate/Foundation/Console/Kernel.php(560): Illuminate\\Console\\Application->__construct()
#17 /home/devel/src/audiobook-librarian-lite/vendor/laravel/framework/src/Illuminate/Foundation/Console/Kernel.php(198): Illuminate\\Foundation\\Console\\Kernel->getArtisan()
#18 /home/devel/src/audiobook-librarian-lite/vendor/laravel/framework/src/Illuminate/Foundation/Application.php(1235): Illuminate\\Foundation\\Console\\Kernel->handle()
#19 /home/devel/src/audiobook-librarian-lite/artisan(16): Illuminate\\Foundation\\Application->handleCommand()
#20 {main}
"} 
[2026-07-01 14:46:53] production.ERROR: Class "Laravel\Sanctum\Sanctum" not found {"exception":"[object] (Error(code: 0): Class \"Laravel\\Sanctum\\Sanctum\" not found at /home/devel/src/audiobook-librarian-lite/config/sanctum.php:21)
[stacktrace]
#0 /home/devel/src/audiobook-librarian-lite/vendor/laravel/framework/src/Illuminate/Foundation/Bootstrap/LoadConfiguration.php(115): require()
#1 /home/devel/src/audiobook-librarian-lite/vendor/laravel/framework/src/Illuminate/Foundation/Bootstrap/LoadConfiguration.php(115): Illuminate\\Foundation\\Bootstrap\\LoadConfiguration->Illuminate\\Foundation\\Bootstrap\\{closure}()
#2 /home/devel/src/audiobook-librarian-lite/vendor/laravel/framework/src/Illuminate/Foundation/Bootstrap/LoadConfiguration.php(96): Illuminate\\Foundation\\Bootstrap\\LoadConfiguration->loadConfigurationFile()
#3 /home/devel/src/audiobook-librarian-lite/vendor/laravel/framework/src/Illuminate/Foundation/Bootstrap/LoadConfiguration.php(55): Illuminate\\Foundation\\Bootstrap\\LoadConfiguration->loadConfigurationFiles()
#4 /home/devel/src/audiobook-librarian-lite/vendor/laravel/framework/src/Illuminate/Foundation/Application.php(342): Illuminate\\Foundation\\Bootstrap\\LoadConfiguration->bootstrap()
#5 /home/devel/src/audiobook-librarian-lite/vendor/laravel/framework/src/Illuminate/Foundation/Console/Kernel.php(494): Illuminate\\Foundation\\Application->bootstrapWith()
#6 /home/devel/src/audiobook-librarian-lite/vendor/laravel/framework/src/Illuminate/Foundation/Console/Kernel.php(196): Illuminate\\Foundation\\Console\\Kernel->bootstrap()
#7 /home/devel/src/audiobook-librarian-lite/vendor/laravel/framework/src/Illuminate/Foundation/Application.php(1235): Illuminate\\Foundation\\Console\\Kernel->handle()
#8 /home/devel/src/audiobook-librarian-lite/artisan(16): Illuminate\\Foundation\\Application->handleCommand()
#9 {main}
"} 
